17:00:44 **** Incremental Build of configuration Debug for project timer_napizde ****
make -j8 all 
arm-none-eabi-gcc "../Core/Src/main.c" -mcpu=cortex-m4 -std=gnu11 -g3 -DDEBUG -DUSE_HAL_DRIVER -DSTM32L476xx -c -I../Core/Inc -I../Drivers/STM32L4xx_HAL_Driver/Inc -I../Drivers/STM32L4xx_HAL_Driver/Inc/Legacy -I../Drivers/CMSIS/Device/ST/STM32L4xx/Include -I../Drivers/CMSIS/Include -O0 -ffunction-sections -fdata-sections -Wall -fstack-usage -fcyclomatic-complexity -MMD -MP -MF"Core/Src/main.d" -MT"Core/Src/main.o" --specs=nano.specs -mfpu=fpv4-sp-d16 -mfloat-abi=hard -mthumb -o "Core/Src/main.o"
arm-none-eabi-gcc -o "timer_napizde.elf" @"objects.list"   -mcpu=cortex-m4 -T"C:\Users\Julia\STM32CubeIDE\timer_napizde\timer_napizde\STM32L476RGTX_FLASH.ld" --specs=nosys.specs -Wl,-Map="timer_napizde.map" -Wl,--gc-sections -static --specs=nano.specs -mfpu=fpv4-sp-d16 -mfloat-abi=hard -mthumb -Wl,--start-group -lc -lm -Wl,--end-group
C:/ST/STM32CubeIDE_1.15.0/STM32CubeIDE/plugins/com.st.stm32cube.ide.mcu.externaltools.gnu-tools-for-stm32.12.3.rel1.win32_1.0.100.202403111256/tools/bin/../lib/gcc/arm-none-eabi/12.3.1/../../../../arm-none-eabi/bin/ld.exe: warning: timer_napizde.elf has a LOAD segment with RWX permissions
Finished building target: timer_napizde.elf
 
arm-none-eabi-size  timer_napizde.elf 
arm-none-eabi-objdump -h -S timer_napizde.elf  > "timer_napizde.list"
   text	   data	    bss	    dec	    hex	filename
  18188	     20	   1780	  19988	   4e14	timer_napizde.elf
Finished building: default.size.stdout
 
Finished building: timer_napizde.list
 
17:00:48 **** Incremental Build of configuration Debug for project timer_napizde ****
make -j8 all 
arm-none-eabi-size  timer_napizde.elf 
   text	   data	    bss	    dec	    hex	filename
  18188	     20	   1780	  19988	   4e14	timer_napizde.elf
Finished building: default.size.stdout
 
